--- simple_number ---
(number 1)

--- unary ---
(unary ! (boolean true))
